(arith (10 - 0 = 10))
(arith (1 - 0 = 1))
(arith (10 - 10 = 0))
(arith (10 - 1 = 9))
(arith (10 - 2 = 8))
(arith (10 - 3 = 7))
(arith (10 - 4 = 6))
(arith (10 - 5 = 5))
(arith (10 - 6 = 4))
(arith (10 - 7 = 3))
(arith (10 - 8 = 2))
(arith (10 - 9 = 1))
(arith (1 - 1 = 0))
(arith (2 - 0 = 2))
(arith (2 - 1 = 1))
(arith (2 - 2 = 0))
(arith (3 - 0 = 3))
(arith (3 - 1 = 2))
(arith (3 - 2 = 1))
(arith (3 - 3 = 0))
(arith (4 - 0 = 4))
(arith (4 - 1 = 3))
(arith (4 - 2 = 2))
(arith (4 - 3 = 1))
(arith (4 - 4 = 0))
(arith (5 - 0 = 5))
(arith (5 - 1 = 4))
(arith (5 - 2 = 3))
(arith (5 - 3 = 2))
(arith (5 - 4 = 1))
(arith (5 - 5 = 0))
(arith (6 - 0 = 6))
(arith (6 - 1 = 5))
(arith (6 - 2 = 4))
(arith (6 - 3 = 3))
(arith (6 - 4 = 2))
(arith (6 - 5 = 1))
(arith (6 - 6 = 0))
(arith (7 - 0 = 7))
(arith (7 - 1 = 6))
(arith (7 - 2 = 5))
(arith (7 - 3 = 4))
(arith (7 - 4 = 3))
(arith (7 - 5 = 2))
(arith (7 - 6 = 1))
(arith (7 - 7 = 0))
(arith (8 - 0 = 8))
(arith (8 - 1 = 7))
(arith (8 - 2 = 6))
(arith (8 - 3 = 5))
(arith (8 - 4 = 4))
(arith (8 - 5 = 3))
(arith (8 - 6 = 2))
(arith (8 - 7 = 1))
(arith (8 - 8 = 0))
(arith (9 - 0 = 9))
(arith (9 - 1 = 8))
(arith (9 - 2 = 7))
(arith (9 - 3 = 6))
(arith (9 - 4 = 5))
(arith (9 - 5 = 4))
(arith (9 - 6 = 3))
(arith (9 - 7 = 2))
(arith (9 - 8 = 1))
(arith (9 - 9 = 0))
((check ($a -> $b) ($c $d)) (, (true ((~ $a) v $b) $e)) (, (true ($a -> $b) $e)))
((check (~ $a) ($b $c)) (, (eval $d $e)) (O (+ (true (~ $a) $d)) (+ (exec (3 0 0 0) (, (true $a $f)) (O (- (true (~ $a) $f)))))))
((check ($a & $b) $c) (, (true $a $d) (true $b $d)) (, (true ($a & $b) $d)))
((check ($a) $b) (, (eval $c $a)) (, (true ($a) $c)))
((check ($a AU $b) ($c $d)) (, (true ((~ ((~$q) EU ((~ $a) & (~ $b)))) & (~ (EG (~ $b)))) $e)) (, (true ($a AU $b) $e)))
((check ($a EU $b) ($c $d)) (, (true $b $e)) (, (true ($a EU $b) $e) (new ($a EU $b) $e) (exec (3 $c $d 1) (, (exec (3 $c $d 1) $f $g) (true $a $h) (t $h $i) (true ($a EU $b) $i) (true ($a EU $b) $j) (new ($a EU $b) $x10)) (O (+ (true ($a EU $b) $h)) (+ (new ($a EU $b) $h)) (- (new ($a EU $b) $j)) (+ (exec (3 $c $d 1) $f $g))))))
((check ($a v $b) ($c $d)) (, (true $a $e) (true $b $f)) (, (true ($a v $b) $e) (true ($a v $b) $f)))
((check (AF $a) ($b $c)) (, (true (~ (EG (~ $a))) $d)) (, (true (AF $a) $d)))
((check (AG $a) ($b $c)) (, (true (~ ((true) EU (~ $a))) $d)) (, (true (AG $a) $d)))
((check (AX $a) ($b $c)) (, (true (~ (EX (~ $a))) $d)) (, (true (AX $a) $d)))
((check (EF $a) ($b $c)) (, (true ((true) EU $a) $d)) (, (true (EF $a) $d)))
((check (EG $a) ($b $c)) (, $d) (, (WIP (EG $a)) (exec (3 $b 0 0) (, (true $a $e)) (, (temp Z (EG $a) $e))) (exec (3 $b 1 Z) (, (exec (3 $b 1 $f) $g $h) (temp $f (EG $a) $e) (temp $f (EG $a) $i) (t $e $i) (WIP (EG $a))) (, (temp (S $f) (EG $a) $e) (exec (3 $b 0 1) (, (temp (S $f) (EG $a) $j)) (O (hash (h (S $f) (EG $a) $x10) $x10 $j))) (exec (3 $b 0 2) (, (temp $f (EG $a) $x11)) (O (hash (h $f (EG $a) $x10) $x10 $x11))) (exec (3 $b 0 3) (, (h (S $f) (EG $a) $x12) (h $f (EG $a) $x12)) (O (- (WIP (EG $a))) (+ (exec (3 0 0 0) (, (temp $f (EG $a) $x13)) (, (true (EG $a) $x13)))) (+ (exec (3 0 0 1) (, (h $x14 (EG $a) $x15) (temp $x16 (EG $a) $x17)) (O (- (h $x14 (EG $a) $x15)) (- (temp $x16 (EG $a) $x17))))))) (exec (3 $b 1 (S $f)) $g $h)))))
((check (EX $a) $b) (, (t $c $d) (true $a $d)) (, (true (EX $a) $c)))
(eval 10 caP)
(eval 10 fuelOK)
(eval 10 roL)
(eval 11 caP)
(eval 11 nofuel)
(eval 11 roP)
(eval 12 caP)
(eval 12 fuelOK)
(eval 12 roP)
(eval 1 caL)
(eval 1 nofuel)
(eval 1 roL)
(eval 2 caL)
(eval 2 fuelOK)
(eval 2 roL)
(eval 3 caL)
(eval 3 nofuel)
(eval 3 roP)
(eval 4 caL)
(eval 4 fuelOK)
(eval 4 roP)
(eval 5 caR)
(eval 5 nofuel)
(eval 5 roL)
(eval 6 caR)
(eval 6 fuelOK)
(eval 6 roL)
(eval 7 caR)
(eval 7 nofuel)
(eval 7 roP)
(eval 8 caR)
(eval 8 fuelOK)
(eval 8 roP)
(eval 9 caP)
(eval 9 nofuel)
(eval 9 roL)
(succ 0 1)
(succ 10 11)
(succ 11 12)
(succ 1 2)
(succ 12 13)
(succ 13 14)
(succ 14 15)
(succ 15 16)
(succ 16 17)
(succ 17 18)
(succ 18 19)
(succ 19 20)
(succ 2 3)
(succ 3 4)
(succ 4 5)
(succ 5 6)
(succ 6 7)
(succ 7 8)
(succ 8 9)
(succ 9 10)
(t 10 10)
(t 10 11)
(t 1 1)
(t 11 11)
(t 11 12)
(t 11 7)
(t 11 8)
(t 1 2)
(t 12 12)
(t 12 8)
(t 12 9)
(t 1 5)
(t 1 6)
(t 2 2)
(t 2 3)
(t 2 6)
(t 3 3)
(t 3 4)
(t 4 1)
(t 4 4)
(t 5 1)
(t 5 2)
(t 5 5)
(t 5 6)
(t 6 2)
(t 6 6)
(t 6 7)
(t 7 11)
(t 7 12)
(t 7 7)
(t 7 8)
(t 8 12)
(t 8 5)
(t 8 8)
(t 9 10)
(t 9 9)
(to_check (AF (caP)))
(to_check (EG (fuelOK)))
(true (AF (caP)) 10)
(true (AF (caP)) 11)
(true (AF (caP)) 12)
(true (AF (caP)) 9)
(true (~ (caP)) 1)
(true (caP) 10)
(true (caP) 11)
(true (caP) 12)
(true (~ (caP)) 2)
(true (~ (caP)) 3)
(true (~ (caP)) 4)
(true (~ (caP)) 5)
(true (~ (caP)) 6)
(true (~ (caP)) 7)
(true (~ (caP)) 8)
(true (caP) 9)
(true (EG (~ (caP))) 1)
(true (~ (EG (~ (caP)))) 10)
(true (~ (EG (~ (caP)))) 11)
(true (~ (EG (~ (caP)))) 12)
(true (EG (~ (caP))) 2)
(true (EG (~ (caP))) 3)
(true (EG (~ (caP))) 4)
(true (EG (~ (caP))) 5)
(true (EG (~ (caP))) 6)
(true (EG (~ (caP))) 7)
(true (EG (~ (caP))) 8)
(true (~ (EG (~ (caP)))) 9)
(true (EG (fuelOK)) 10)
(true (EG (fuelOK)) 12)
(true (EG (fuelOK)) 2)
(true (EG (fuelOK)) 4)
(true (EG (fuelOK)) 6)
(true (EG (fuelOK)) 8)
(true (fuelOK) 10)
(true (fuelOK) 12)
(true (fuelOK) 2)
(true (fuelOK) 4)
(true (fuelOK) 6)
(true (fuelOK) 8)
(true (true) 1)
(true (true) 10)
(true (true) 11)
(true (true) 12)
(true (true) 2)
(true (true) 3)
(true (true) 4)
(true (true) 5)
(true (true) 6)
(true (true) 7)
(true (true) 8)
(true (true) 9)
