(box 0 (0 0))
(box 0 (0 1))
(box 0 (1 0))
(box 0 (1 1))
(box 1 (0 2))
(box 1 (0 3))
(box 1 (1 2))
(box 1 (1 3))
(box 2 (2 0))
(box 2 (2 1))
(box 2 (3 0))
(box 2 (3 1))
(box 3 (2 2))
(box 3 (2 3))
(box 3 (3 2))
(box 3 (3 3))
(cell (0 0) \x0f)
(cell (0 1) \x0f)
(cell (0 2) \x00)
(cell (0 3) \x0e)
(cell (1 0) \x0f)
(cell (1 1) \x00)
(cell (1 2) \x0f)
(cell (1 3) \x0e)
(cell (2 0) \x0f)
(cell (2 1) \x0f)
(cell (2 2) \x00)
(cell (2 3) \x0e)
(cell (3 0) \x0e)
(cell (3 1) \x0e)
(cell (3 2) \x0e)
(cell (3 3) \x01)
(col 0 (0 0))
(col 0 (1 0))
(col 0 (2 0))
(col 0 (3 0))
(col 1 (0 1))
(col 1 (1 1))
(col 1 (2 1))
(col 1 (3 1))
(col 2 (0 2))
(col 2 (1 2))
(col 2 (2 2))
(col 2 (3 2))
(col 3 (0 3))
(col 3 (1 3))
(col 3 (2 3))
(col 3 (3 3))
(dim 2)
(known (0 2) 3)
(known (1 1) 4)
(known (2 2) 2)
(known (3 3) 1)
(pos 0)
(pos 1)
(pos 2)
(pos 3)
(readout (0 0) 1)
(readout (0 0) 15)
(readout (0 1) 15)
(readout (0 1) 4)
(readout (0 2) 0)
(readout (0 2) 2)
(readout (0 3) 14)
(readout (0 3) 8)
(readout (1 0) 15)
(readout (1 1) 0)
(readout (1 2) 15)
(readout (1 3) 14)
(readout (2 0) 15)
(readout (2 1) 15)
(readout (2 2) 0)
(readout (2 3) 14)
(readout (3 0) 14)
(readout (3 1) 14)
(readout (3 2) 14)
(readout (3 3) 1)
(region box)
(region col)
(region row)
(row 0 (0 0))
(row 0 (0 1))
(row 0 (0 2))
(row 0 (0 3))
(row 1 (1 0))
(row 1 (1 1))
(row 1 (1 2))
(row 1 (1 3))
(row 2 (2 0))
(row 2 (2 1))
(row 2 (2 2))
(row 2 (2 3))
(row 3 (3 0))
(row 3 (3 1))
(row 3 (3 2))
(row 3 (3 3))
(source cell)
(source incomming)
(val 1)
(val 2)
(val 3)
(val 4)
